E
======================================================================
ERROR: Failure: ImportError (cannot import name ComponentLookupError)
----------------------------------------------------------------------
Traceback (most recent call last):
  File "/usr/local/lib/python2.7/dist-packages/nose/loader.py", line 390, in loadTestsFromName
    addr.filename, addr.module)
  File "/usr/local/lib/python2.7/dist-packages/nose/importer.py", line 39, in importFromPath
    return self.importFromDir(dir_path, fqname)
  File "/usr/local/lib/python2.7/dist-packages/nose/importer.py", line 86, in importFromDir
    mod = load_module(part_fqname, fh, filename, desc)
  File "/home/jmportug/python-nexus-client/tests/go_rest_client_tests.py", line 14, in <module>
    from pyramid import testing
  File "/usr/local/lib/python2.7/dist-packages/pyramid/testing.py", line 17, in <module>
    from pyramid.config import Configurator
  File "/usr/local/lib/python2.7/dist-packages/pyramid/config.py", line 50, in <module>
    from pyramid import chameleon_text
  File "/usr/local/lib/python2.7/dist-packages/pyramid/chameleon_text.py", line 20, in <module>
    from pyramid import renderers
  File "/usr/local/lib/python2.7/dist-packages/pyramid/renderers.py", line 15, in <module>
    from pyramid.asset import asset_spec_from_abspath
  File "/usr/local/lib/python2.7/dist-packages/pyramid/asset.py", line 10, in <module>
    from pyramid.threadlocal import get_current_registry
  File "/usr/local/lib/python2.7/dist-packages/pyramid/threadlocal.py", line 3, in <module>
    from pyramid.registry import global_registry
  File "/usr/local/lib/python2.7/dist-packages/pyramid/registry.py", line 1, in <module>
    from zope.component.registry import Components
  File "/usr/local/lib/python2.7/dist-packages/zope/component/__init__.py", line 21, in <module>
    from zope.component.interfaces import ComponentLookupError
  File "/usr/local/lib/python2.7/dist-packages/zope/component/interfaces.py", line 21, in <module>
    from zope.interface.interfaces import ComponentLookupError
ImportError: cannot import name ComponentLookupError

----------------------------------------------------------------------
Ran 1 test in 0.001s

FAILED (errors=1)
